// Jest Snapshot v1, https://goo.gl/fbAQLP

exports[`mapJsonStep 1`] = `
[
  "T: Haystack",
  "Haystack.hello: { world: string; } & { today: [1, 2, 3]; }",
  "Haystack.hello~&0~>: { world: string; }",
  "Haystack.hello~&0~>.world: string",
  "Haystack.hello~&1~>: { today: [1, 2, 3]; }",
  "Haystack.hello~&1~>.today: [1, 2, 3]",
  "Haystack.hello~&1~>.today[0]: 1",
  "Haystack.hello~&1~>.today[1]: 2",
  "Haystack.hello~&1~>.today[2]: 3",
  "Haystack.frog: GenericInterface<{ table: "block"; }, { value: string; }>",
  "Haystack.frog: GenericInterface",
  "Haystack.frog.constrained: { table: "block"; }",
  "Haystack.frog.constrained.table: "block"",
  "Haystack.frog.defaulted: { value: string; }",
  "Haystack.frog.defaulted.value: string",
]
`;

exports[`visitDepthFirst 1`] = `
"
toString:     T: Haystack
toTypescript: T

toString:     Haystack.hello: { world: string; } & { today: [1, 2, 3]; }
toTypescript: Haystack["hello"]

toString:     Haystack.hello~&0~>: { world: string; }
toTypescript: Haystack["hello"]

toString:     Haystack.hello~&0~>.world: string
toTypescript: Haystack["hello"]["world"]

toString:     Haystack.hello~&0~>.world: string
toTypescript: Haystack["hello"]["world"]

toString:     Haystack.hello~&0~>: { world: string; }
toTypescript: Haystack["hello"]

toString:     Haystack.hello~&1~>: { today: [1, 2, 3]; }
toTypescript: Haystack["hello"]

toString:     Haystack.hello~&1~>.today: [1, 2, 3]
toTypescript: Haystack["hello"]["today"]

toString:     Haystack.hello~&1~>.today[0]: 1
toTypescript: Haystack["hello"]["today"][0]

toString:     Haystack.hello~&1~>.today[0]: 1
toTypescript: Haystack["hello"]["today"][0]

toString:     Haystack.hello~&1~>.today[1]: 2
toTypescript: Haystack["hello"]["today"][1]

toString:     Haystack.hello~&1~>.today[1]: 2
toTypescript: Haystack["hello"]["today"][1]

toString:     Haystack.hello~&1~>.today[2]: 3
toTypescript: Haystack["hello"]["today"][2]

toString:     Haystack.hello~&1~>.today[2]: 3
toTypescript: Haystack["hello"]["today"][2]

toString:     Haystack.hello~&1~>.today: [1, 2, 3]
toTypescript: Haystack["hello"]["today"]

toString:     Haystack.hello~&1~>: { today: [1, 2, 3]; }
toTypescript: Haystack["hello"]

toString:     Haystack.hello: { world: string; } & { today: [1, 2, 3]; }
toTypescript: Haystack["hello"]

toString:     Haystack.frog: GenericInterface<{ table: "block"; }, { value: string; }>
toTypescript: Haystack["frog"]

toString:     Haystack.frog: GenericInterface
toTypescript: Haystack["frog"]

toString:     Haystack.frog.constrained: { table: "block"; }
toTypescript: Haystack["frog"]["constrained"]

toString:     Haystack.frog.constrained.table: "block"
toTypescript: Haystack["frog"]["constrained"]["table"]

toString:     Haystack.frog.constrained.table: "block"
toTypescript: Haystack["frog"]["constrained"]["table"]

toString:     Haystack.frog.constrained: { table: "block"; }
toTypescript: Haystack["frog"]["constrained"]

toString:     Haystack.frog.defaulted: { value: string; }
toTypescript: Haystack["frog"]["defaulted"]

toString:     Haystack.frog.defaulted.value: string
toTypescript: Haystack["frog"]["defaulted"]["value"]

toString:     Haystack.frog.defaulted.value: string
toTypescript: Haystack["frog"]["defaulted"]["value"]

toString:     Haystack.frog.defaulted: { value: string; }
toTypescript: Haystack["frog"]["defaulted"]

toString:     Haystack.frog: GenericInterface
toTypescript: Haystack["frog"]

toString:     Haystack.frog~instantiatedFrom~>: GenericInterface
toTypescript: Haystack["frog"]

toString:     Haystack.frog~instantiatedFrom~><ParamWithConstraint>: ParamWithConstraint
toTypescript: Haystack["frog"]

toString:     Haystack.frog~instantiatedFrom~><ParamWithConstraint>~constraintType~>: Obj1
toTypescript: Haystack["frog"]

toString:     Haystack.frog~instantiatedFrom~><ParamWithConstraint>~constraintType~>.table: "block" | "collection" | "activity"
toTypescript: Haystack["frog"]["table"]

toString:     Haystack.frog~instantiatedFrom~><ParamWithConstraint>~constraintType~>.table~|0~>: "block"
toTypescript: Haystack["frog"]["table"]

toString:     Haystack.frog~instantiatedFrom~><ParamWithConstraint>~constraintType~>.table~|0~>: "block"
toTypescript: Haystack["frog"]["table"]

toString:     Haystack.frog~instantiatedFrom~><ParamWithConstraint>~constraintType~>.table~|1~>: "collection"
toTypescript: Haystack["frog"]["table"]

toString:     Haystack.frog~instantiatedFrom~><ParamWithConstraint>~constraintType~>.table~|1~>: "collection"
toTypescript: Haystack["frog"]["table"]

toString:     Haystack.frog~instantiatedFrom~><ParamWithConstraint>~constraintType~>.table~|2~>: "activity"
toTypescript: Haystack["frog"]["table"]

toString:     Haystack.frog~instantiatedFrom~><ParamWithConstraint>~constraintType~>.table~|2~>: "activity"
toTypescript: Haystack["frog"]["table"]

toString:     Haystack.frog~instantiatedFrom~><ParamWithConstraint>~constraintType~>.table: "block" | "collection" | "activity"
toTypescript: Haystack["frog"]["table"]

toString:     Haystack.frog~instantiatedFrom~><ParamWithConstraint>~constraintType~>.method: (param: { object2: true; }) => { object2: true; }
toTypescript: Haystack["frog"]["method"]

toString:     Haystack.frog~instantiatedFrom~><ParamWithConstraint>~constraintType~>.method~asFunction~>: (param: { object2: true; }) => { object2: true; }
toTypescript: Haystack["frog"]["method"]

toString:     Haystack.frog~instantiatedFrom~><ParamWithConstraint>~constraintType~>.method~asFunction~>~(param)~>: Obj2
toTypescript: Parameters<Haystack["frog"]["method"]>[0]

toString:     Haystack.frog~instantiatedFrom~><ParamWithConstraint>~constraintType~>.method~asFunction~>~(param)~>.object2: true
toTypescript: Parameters<Haystack["frog"]["method"]>[0]["object2"]

toString:     Haystack.frog~instantiatedFrom~><ParamWithConstraint>~constraintType~>.method~asFunction~>~(param)~>.object2: true
toTypescript: Parameters<Haystack["frog"]["method"]>[0]["object2"]

toString:     Haystack.frog~instantiatedFrom~><ParamWithConstraint>~constraintType~>.method~asFunction~>~(param)~>: Obj2
toTypescript: Parameters<Haystack["frog"]["method"]>[0]

toString:     Haystack.frog~instantiatedFrom~><ParamWithConstraint>~constraintType~>.method~asFunction~>.(): Obj2
toTypescript: ReturnType<Haystack["frog"]["method"]>

toString:     Haystack.frog~instantiatedFrom~><ParamWithConstraint>~constraintType~>.method~asFunction~>.().object2: true
toTypescript: ReturnType<Haystack["frog"]["method"]>["object2"]

toString:     Haystack.frog~instantiatedFrom~><ParamWithConstraint>~constraintType~>.method~asFunction~>.().object2: true
toTypescript: ReturnType<Haystack["frog"]["method"]>["object2"]

toString:     Haystack.frog~instantiatedFrom~><ParamWithConstraint>~constraintType~>.method~asFunction~>.(): Obj2
toTypescript: ReturnType<Haystack["frog"]["method"]>

toString:     Haystack.frog~instantiatedFrom~><ParamWithConstraint>~constraintType~>.method~asFunction~>: (param: { object2: true; }) => { object2: true; }
toTypescript: Haystack["frog"]["method"]

toString:     Haystack.frog~instantiatedFrom~><ParamWithConstraint>~constraintType~>.method: (param: { object2: true; }) => { object2: true; }
toTypescript: Haystack["frog"]["method"]

toString:     Haystack.frog~instantiatedFrom~><ParamWithConstraint>~constraintType~>: Obj1
toTypescript: Haystack["frog"]

toString:     Haystack.frog~instantiatedFrom~><ParamWithConstraint>: ParamWithConstraint
toTypescript: Haystack["frog"]

toString:     Haystack.frog~instantiatedFrom~><ParamWithDefault>: ParamWithDefault
toTypescript: Haystack["frog"]

toString:     Haystack.frog~instantiatedFrom~><ParamWithDefault>~defaultType~>: Obj2
toTypescript: Haystack["frog"]

toString:     Haystack.frog~instantiatedFrom~><ParamWithDefault>~defaultType~>.object2: true
toTypescript: Haystack["frog"]["object2"]

toString:     Haystack.frog~instantiatedFrom~><ParamWithDefault>~defaultType~>.object2: true
toTypescript: Haystack["frog"]["object2"]

toString:     Haystack.frog~instantiatedFrom~><ParamWithDefault>~defaultType~>: Obj2
toTypescript: Haystack["frog"]

toString:     Haystack.frog~instantiatedFrom~><ParamWithDefault>: ParamWithDefault
toTypescript: Haystack["frog"]

toString:     Haystack.frog~instantiatedFrom~>.constrained: ParamWithConstraint
toTypescript: Haystack["frog"]["constrained"]

toString:     Haystack.frog~instantiatedFrom~>.constrained~constraintType~>: Obj1
toTypescript: Haystack["frog"]["constrained"]

toString:     Haystack.frog~instantiatedFrom~>.constrained~constraintType~>.table: "block" | "collection" | "activity"
toTypescript: Haystack["frog"]["constrained"]["table"]

toString:     Haystack.frog~instantiatedFrom~>.constrained~constraintType~>.table~|0~>: "block"
toTypescript: Haystack["frog"]["constrained"]["table"]

toString:     Haystack.frog~instantiatedFrom~>.constrained~constraintType~>.table~|0~>: "block"
toTypescript: Haystack["frog"]["constrained"]["table"]

toString:     Haystack.frog~instantiatedFrom~>.constrained~constraintType~>.table~|1~>: "collection"
toTypescript: Haystack["frog"]["constrained"]["table"]

toString:     Haystack.frog~instantiatedFrom~>.constrained~constraintType~>.table~|1~>: "collection"
toTypescript: Haystack["frog"]["constrained"]["table"]

toString:     Haystack.frog~instantiatedFrom~>.constrained~constraintType~>.table~|2~>: "activity"
toTypescript: Haystack["frog"]["constrained"]["table"]

toString:     Haystack.frog~instantiatedFrom~>.constrained~constraintType~>.table~|2~>: "activity"
toTypescript: Haystack["frog"]["constrained"]["table"]

toString:     Haystack.frog~instantiatedFrom~>.constrained~constraintType~>.table: "block" | "collection" | "activity"
toTypescript: Haystack["frog"]["constrained"]["table"]

toString:     Haystack.frog~instantiatedFrom~>.constrained~constraintType~>.method: (param: { object2: true; }) => { object2: true; }
toTypescript: Haystack["frog"]["constrained"]["method"]

toString:     Haystack.frog~instantiatedFrom~>.constrained~constraintType~>.method~asFunction~>: (param: { object2: true; }) => { object2: true; }
toTypescript: Haystack["frog"]["constrained"]["method"]

toString:     Haystack.frog~instantiatedFrom~>.constrained~constraintType~>.method~asFunction~>~(param)~>: Obj2
toTypescript: Parameters<Haystack["frog"]["constrained"]["method"]>[0]

toString:     Haystack.frog~instantiatedFrom~>.constrained~constraintType~>.method~asFunction~>~(param)~>.object2: true
toTypescript: Parameters<Haystack["frog"]["constrained"]["method"]>[0]["object2"]

toString:     Haystack.frog~instantiatedFrom~>.constrained~constraintType~>.method~asFunction~>~(param)~>.object2: true
toTypescript: Parameters<Haystack["frog"]["constrained"]["method"]>[0]["object2"]

toString:     Haystack.frog~instantiatedFrom~>.constrained~constraintType~>.method~asFunction~>~(param)~>: Obj2
toTypescript: Parameters<Haystack["frog"]["constrained"]["method"]>[0]

toString:     Haystack.frog~instantiatedFrom~>.constrained~constraintType~>.method~asFunction~>.(): Obj2
toTypescript: ReturnType<Haystack["frog"]["constrained"]["method"]>

toString:     Haystack.frog~instantiatedFrom~>.constrained~constraintType~>.method~asFunction~>.().object2: true
toTypescript: ReturnType<Haystack["frog"]["constrained"]["method"]>["object2"]

toString:     Haystack.frog~instantiatedFrom~>.constrained~constraintType~>.method~asFunction~>.().object2: true
toTypescript: ReturnType<Haystack["frog"]["constrained"]["method"]>["object2"]

toString:     Haystack.frog~instantiatedFrom~>.constrained~constraintType~>.method~asFunction~>.(): Obj2
toTypescript: ReturnType<Haystack["frog"]["constrained"]["method"]>

toString:     Haystack.frog~instantiatedFrom~>.constrained~constraintType~>.method~asFunction~>: (param: { object2: true; }) => { object2: true; }
toTypescript: Haystack["frog"]["constrained"]["method"]

toString:     Haystack.frog~instantiatedFrom~>.constrained~constraintType~>.method: (param: { object2: true; }) => { object2: true; }
toTypescript: Haystack["frog"]["constrained"]["method"]

toString:     Haystack.frog~instantiatedFrom~>.constrained~constraintType~>: Obj1
toTypescript: Haystack["frog"]["constrained"]

toString:     Haystack.frog~instantiatedFrom~>.constrained: ParamWithConstraint
toTypescript: Haystack["frog"]["constrained"]

toString:     Haystack.frog~instantiatedFrom~>.defaulted: ParamWithDefault
toTypescript: Haystack["frog"]["defaulted"]

toString:     Haystack.frog~instantiatedFrom~>.defaulted~defaultType~>: Obj2
toTypescript: Haystack["frog"]["defaulted"]

toString:     Haystack.frog~instantiatedFrom~>.defaulted~defaultType~>.object2: true
toTypescript: Haystack["frog"]["defaulted"]["object2"]

toString:     Haystack.frog~instantiatedFrom~>.defaulted~defaultType~>.object2: true
toTypescript: Haystack["frog"]["defaulted"]["object2"]

toString:     Haystack.frog~instantiatedFrom~>.defaulted~defaultType~>: Obj2
toTypescript: Haystack["frog"]["defaulted"]

toString:     Haystack.frog~instantiatedFrom~>.defaulted: ParamWithDefault
toTypescript: Haystack["frog"]["defaulted"]

toString:     Haystack.frog~instantiatedFrom~>: GenericInterface
toTypescript: Haystack["frog"]

toString:     Haystack.frog<<0>>: { table: "block"; }
toTypescript: Haystack["frog"]

toString:     Haystack.frog<<0>>.table: "block"
toTypescript: Haystack["frog"]["table"]

toString:     Haystack.frog<<0>>.table: "block"
toTypescript: Haystack["frog"]["table"]

toString:     Haystack.frog<<0>>: { table: "block"; }
toTypescript: Haystack["frog"]

toString:     Haystack.frog<<1>>: { value: string; }
toTypescript: Haystack["frog"]

toString:     Haystack.frog<<1>>.value: string
toTypescript: Haystack["frog"]["value"]

toString:     Haystack.frog<<1>>.value: string
toTypescript: Haystack["frog"]["value"]

toString:     Haystack.frog<<1>>: { value: string; }
toTypescript: Haystack["frog"]

toString:     Haystack.frog: GenericInterface<{ table: "block"; }, { value: string; }>
toTypescript: Haystack["frog"]

toString:     T: Haystack
toTypescript: T"
`;

exports[`visitDepthFirst 2`] = `
"
"
`;
